\BOOKMARK [0][-]{chapter.1}{\376\377\000E\000x\000t\000e\000n\000s\000i\000o\000n\000\040\000A\000P\000I\000\040\000t\000e\000s\000t\000s}{}% 1
\BOOKMARK [0][-]{chapter.2}{\376\377\000S\000p\000h\000i\000n\000x\000\040\000i\000m\000a\000g\000e\000\040\000h\000a\000n\000d\000l\000i\000n\000g}{}% 2
\BOOKMARK [0][-]{chapter.3}{\376\377\000I\000m\000a\000g\000e\000\040\000i\000n\000c\000l\000u\000d\000i\000n\000g\000\040\000s\000o\000u\000r\000c\000e\000\040\000i\000n\000\040\000s\000u\000b\000d\000i\000r}{}% 3
\BOOKMARK [0][-]{chapter.4}{\376\377\000I\000n\000c\000l\000u\000d\000i\000n\000g\000\040\000i\000n\000\040\000s\000u\000b\000d\000i\000r}{}% 4
\BOOKMARK [0][-]{chapter.5}{\376\377\000T\000e\000s\000t\000i\000n\000g\000\040\000d\000o\000w\000n\000l\000o\000a\000d\000a\000b\000l\000e\000\040\000f\000i\000l\000e\000s}{}% 5
\BOOKMARK [0][-]{chapter.6}{\376\377\000T\000e\000s\000t\000\040\000f\000i\000l\000e\000\040\000a\000n\000d\000\040\000l\000i\000t\000e\000r\000a\000l\000\040\000i\000n\000c\000l\000u\000s\000i\000o\000n}{}% 6
\BOOKMARK [0][-]{chapter.7}{\376\377\000L\000i\000t\000e\000r\000a\000l\000i\000n\000c\000l\000u\000d\000e\000\040\000o\000p\000t\000i\000o\000n\000s}{}% 7
\BOOKMARK [0][-]{chapter.8}{\376\377\000D\000o\000c\000u\000t\000i\000l\000s\000\040\000i\000n\000c\000l\000u\000d\000e\000\040\000w\000i\000t\000h\000\040\000`\000`\000l\000i\000t\000e\000r\000a\000l\000'\000'}{}% 8
\BOOKMARK [0][-]{chapter.9}{\376\377\000T\000e\000s\000t\000i\000n\000g\000\040\000v\000a\000r\000i\000o\000u\000s\000\040\000m\000a\000r\000k\000u\000p}{}% 9
\BOOKMARK [1][-]{section.9.1}{\376\377\000M\000e\000t\000a\000\040\000m\000a\000r\000k\000u\000p}{chapter.9}% 10
\BOOKMARK [1][-]{section.9.2}{\376\377\000G\000e\000n\000e\000r\000i\000c\000\040\000r\000e\000S\000T}{chapter.9}% 11
\BOOKMARK [1][-]{section.9.3}{\376\377\000I\000n\000l\000i\000n\000e\000\040\000m\000a\000r\000k\000u\000p}{chapter.9}% 12
\BOOKMARK [1][-]{section.9.4}{\376\377\000W\000i\000t\000h}{chapter.9}% 13
\BOOKMARK [1][-]{section.9.5}{\376\377\000T\000a\000b\000l\000e\000s}{chapter.9}% 14
\BOOKMARK [1][-]{section.9.6}{\376\377\000F\000i\000g\000u\000r\000e\000s}{chapter.9}% 15
\BOOKMARK [1][-]{section.9.7}{\376\377\000V\000e\000r\000s\000i\000o\000n\000\040\000m\000a\000r\000k\000u\000p}{chapter.9}% 16
\BOOKMARK [1][-]{section.9.8}{\376\377\000C\000o\000d\000e\000\040\000b\000l\000o\000c\000k\000s}{chapter.9}% 17
\BOOKMARK [1][-]{section.9.9}{\376\377\000M\000i\000s\000c\000\040\000s\000t\000u\000f\000f}{chapter.9}% 18
\BOOKMARK [1][-]{section.9.10}{\376\377\000I\000n\000d\000e\000x\000\040\000m\000a\000r\000k\000u\000p}{chapter.9}% 19
\BOOKMARK [1][-]{section.9.11}{\376\377\000\326\000.\000.\000.\000\040\000S\000o\000m\000e\000\040\000s\000t\000r\000a\000n\000g\000e\000\040\000c\000h\000a\000r\000a\000c\000t\000e\000r\000s}{chapter.9}% 20
\BOOKMARK [1][-]{section.9.12}{\376\377\000O\000n\000l\000y\000\040\000d\000i\000r\000e\000c\000t\000i\000v\000e}{chapter.9}% 21
\BOOKMARK [1][-]{section.9.13}{\376\377\000A\000n\000y\000\040\000r\000o\000l\000e}{chapter.9}% 22
\BOOKMARK [0][-]{chapter.10}{\376\377\000T\000e\000s\000t\000i\000n\000g\000\040\000o\000b\000j\000e\000c\000t\000\040\000d\000e\000s\000c\000r\000i\000p\000t\000i\000o\000n\000s}{}% 23
\BOOKMARK [0][-]{chapter.11}{\376\377\000C\000\040\000i\000t\000e\000m\000s}{}% 24
\BOOKMARK [0][-]{chapter.12}{\376\377\000J\000a\000v\000a\000s\000c\000r\000i\000p\000t\000\040\000i\000t\000e\000m\000s}{}% 25
\BOOKMARK [0][-]{chapter.13}{\376\377\000R\000e\000f\000e\000r\000e\000n\000c\000e\000s}{}% 26
\BOOKMARK [0][-]{chapter.14}{\376\377\000O\000t\000h\000e\000r\000s}{}% 27
\BOOKMARK [0][-]{chapter.15}{\376\377\000U\000s\000e\000r\000\040\000m\000a\000r\000k\000u\000p}{}% 28
\BOOKMARK [0][-]{chapter.16}{\376\377\000C\000P\000P\000\040\000d\000o\000m\000a\000i\000n}{}% 29
\BOOKMARK [0][-]{chapter.17}{\376\377\000F\000i\000l\000e\000\040\000w\000i\000t\000h\000\040\000U\000T\000F\000-\0008\000\040\000B\000O\000M}{}% 30
\BOOKMARK [0][-]{chapter.18}{\376\377\000T\000e\000s\000t\000\040\000m\000a\000t\000h\000\040\000e\000x\000t\000e\000n\000s\000i\000o\000n\000s\000\040\000E\000\040\000=\000\040\000m\000\040\000c\0002}{}% 31
\BOOKMARK [0][-]{chapter.19}{\376\377\000A\000u\000t\000o\000d\000o\000c\000\040\000t\000e\000s\000t\000s}{}% 32
\BOOKMARK [1][-]{section.19.1}{\376\377\000S\000p\000h\000i\000n\000x\000\040\000t\000e\000s\000t\000\040\000s\000u\000i\000t\000e\000\040\000u\000t\000i\000l\000i\000t\000i\000e\000s}{chapter.19}% 33
\BOOKMARK [1][-]{section.19.2}{\376\377\000t\000e\000s\000t\000\137\000a\000u\000t\000o\000d\000o\000c}{chapter.19}% 34
\BOOKMARK [0][-]{chapter.20}{\376\377\000r\000e\000S\000t\000r\000u\000c\000t\000u\000r\000e\000d\000T\000e\000x\000t\000\040\000D\000e\000m\000o\000n\000s\000t\000r\000a\000t\000i\000o\000n}{}% 35
\BOOKMARK [1][-]{section.20.1}{\376\377\000E\000x\000a\000m\000p\000l\000e\000s\000\040\000o\000f\000\040\000S\000y\000n\000t\000a\000x\000\040\000C\000o\000n\000s\000t\000r\000u\000c\000t\000s}{chapter.20}% 36
\BOOKMARK [0][-]{chapter.21}{\376\377\000T\000e\000s\000t\000\040\000f\000o\000r\000\040\000d\000i\000v\000e\000r\000s\000e\000\040\000e\000x\000t\000e\000n\000s\000i\000o\000n\000s}{}% 37
\BOOKMARK [1][-]{section.21.1}{\376\377\000e\000x\000t\000l\000i\000n\000k\000s}{chapter.21}% 38
\BOOKMARK [1][-]{section.21.2}{\376\377\000t\000o\000d\000o}{chapter.21}% 39
\BOOKMARK [0][-]{chapter.22}{\376\377\000T\000e\000s\000t\000i\000n\000g\000\040\000f\000o\000o\000t\000n\000o\000t\000e\000\040\000a\000n\000d\000\040\000c\000i\000t\000a\000t\000i\000o\000n}{}% 40
\BOOKMARK [1][-]{section.22.1}{\376\377\000n\000u\000m\000b\000e\000r\000e\000d\000\040\000f\000o\000o\000t\000n\000o\000t\000e}{chapter.22}% 41
\BOOKMARK [1][-]{section.22.2}{\376\377\000a\000u\000t\000o\000-\000n\000u\000m\000b\000e\000r\000e\000d\000\040\000f\000o\000o\000t\000n\000o\000t\000e}{chapter.22}% 42
\BOOKMARK [1][-]{section.22.3}{\376\377\000n\000a\000m\000e\000d\000\040\000f\000o\000o\000t\000n\000o\000t\000e}{chapter.22}% 43
\BOOKMARK [1][-]{section.22.4}{\376\377\000c\000i\000t\000a\000t\000i\000o\000n}{chapter.22}% 44
\BOOKMARK [1][-]{section.22.5}{\376\377\000f\000o\000o\000t\000n\000o\000t\000e\000s\000\040\000i\000n\000\040\000t\000a\000b\000l\000e}{chapter.22}% 45
\BOOKMARK [1][-]{section.22.6}{\376\377\000f\000o\000o\000t\000e\000n\000o\000t\000e\000s}{chapter.22}% 46
\BOOKMARK [1][-]{section.22.7}{\376\377\000m\000i\000s\000s\000i\000n\000g\000\040\000t\000a\000r\000g\000e\000t}{chapter.22}% 47
\BOOKMARK [0][-]{chapter.23}{\376\377\000V\000a\000r\000i\000o\000u\000s\000\040\000k\000i\000n\000d\000s\000\040\000o\000f\000\040\000l\000i\000s\000t\000s}{}% 48
\BOOKMARK [1][-]{section.23.1}{\376\377\000n\000e\000s\000t\000e\000d\000\040\000e\000n\000u\000m\000e\000r\000a\000t\000e\000d\000\040\000l\000i\000s\000t\000s}{chapter.23}% 49
\BOOKMARK [1][-]{section.23.2}{\376\377\000e\000n\000u\000m\000e\000r\000a\000t\000e\000d\000\040\000l\000i\000s\000t\000s\000\040\000w\000i\000t\000h\000\040\000n\000o\000n\000-\000d\000e\000f\000a\000u\000l\000t\000\040\000s\000t\000a\000r\000t\000\040\000v\000a\000l\000u\000e\000s}{chapter.23}% 50
\BOOKMARK [1][-]{section.23.3}{\376\377\000e\000n\000u\000m\000e\000r\000a\000t\000e\000d\000\040\000l\000i\000s\000t\000s\000\040\000u\000s\000i\000n\000g\000\040\000l\000e\000t\000t\000e\000r\000s}{chapter.23}% 51
\BOOKMARK [1][-]{section.23.4}{\376\377\000d\000e\000f\000i\000n\000i\000t\000i\000o\000n\000\040\000l\000i\000s\000t\000s}{chapter.23}% 52
\BOOKMARK [0][-]{chapter.24}{\376\377\000G\000e\000n\000e\000r\000a\000t\000e\000d\000\040\000s\000e\000c\000t\000i\000o\000n}{}% 53
\BOOKMARK [0][-]{chapter.25}{\376\377\000I\000n\000d\000i\000c\000e\000s\000\040\000a\000n\000d\000\040\000t\000a\000b\000l\000e\000s}{}% 54
\BOOKMARK [0][-]{chapter.26}{\376\377\000R\000e\000f\000e\000r\000e\000n\000c\000e\000s}{}% 55
\BOOKMARK [0][-]{chapter.27}{\376\377\000T\000e\000s\000t\000\040\000f\000o\000r\000\040\000i\000s\000s\000u\000e\000\040\000\043\0001\0001\0005\0007}{}% 56
\BOOKMARK [0][-]{chapter.28}{\376\377\000T\000e\000s\000t\000\040\000f\000o\000r\000\040\000i\000s\000s\000u\000e\000\040\000\043\0001\0007\0000\0000}{}% 57
\BOOKMARK [0][-]{chapter.29}{\376\377\000T\000e\000s\000t\000\040\000f\000o\000r\000\040\000i\000n\000d\000i\000r\000e\000c\000t\000\040\000h\000y\000p\000e\000r\000l\000i\000n\000k\000\040\000t\000a\000r\000g\000e\000t\000s}{}% 58
\BOOKMARK [0][-]{chapter*.108}{\376\377\000B\000i\000b\000l\000i\000o\000g\000r\000a\000p\000h\000y}{}% 59
\BOOKMARK [0][-]{section*.112}{\376\377\000P\000y\000t\000h\000o\000n\000\040\000M\000o\000d\000u\000l\000e\000\040\000I\000n\000d\000e\000x}{}% 60
