my_app - My first application using python-com library
v1.0 - May 2016 - from & by Aygos (C.B.)

- processed command line is :
cmdline([('help', False), ('opt_flag', False), ('opt_str', 'modified string'), ('opt_int', 321), ('param_str_not_opt', 'another modified string 1'), ('param_int', 789)])
